
> lumiaxy@0.1.0 build
> next build

  Ôû▓ Next.js 14.2.5
  - Environments: .env.local, .env

   Creating an optimized production build ...
node.exe : Failed to 
compile.
At line:1 char:1
+ & "C:\Program 
Files\nodejs/node.exe" 
"C:\Program 
Files\nodejs/node_mo ...
+ ~~~~~~~~~~~~~~~~~~~~~~~
~~~~~~~~~~~~~~~~~~~~~~~~~
~~~~~~~~~~~~~~~~~~~~~
    + CategoryInfo       
       : NotSpecified:   
  (Failed to compile.:   
 String) [], RemoteEx    
ception
    + FullyQualifiedErro 
   rId : NativeCommandE  
  rror
 

./src/lib/db.ts
Module not found: Can't 
resolve 'dotenv/config'

https://nextjs.org/docs/m
essages/module-not-found

Import trace for 
requested module:
./src/app/api/ai/route.ts


> Build failed because 
of webpack errors
