src/app/dashboard/papers/page.tsx(60,14): error TS2322: Type '{ id: string; title: string; subject: string; year: number; type: string; difficulty: string; }' is not assignable to type 'PaperProps'.
  Types of property 'difficulty' are incompatible.
    Type 'string' is not assignable to type '"Easy" | "Medium" | "Hard"'.
src/components/admin/Sidebar.tsx(5,3): error TS2724: '"lucide-react"' has no exported member named 'LayerDashboard'. Did you mean 'LayoutDashboard'?
